PIXELS 1 / 15837
PIXELS 251 / 15837
PIXELS 501 / 15837
PIXELS 751 / 15837
PIXELS 1001 / 15837
PIXELS 1251 / 15837
PIXELS 1501 / 15837
PIXELS 1751 / 15837
PIXELS 2001 / 15837
PIXELS 2251 / 15837
PIXELS 2501 / 15837
PIXELS 2751 / 15837
PIXELS 3001 / 15837
PIXELS 3251 / 15837
PIXELS 3501 / 15837
PIXELS 3751 / 15837
PIXELS 4001 / 15837
PIXELS 4251 / 15837
PIXELS 4501 / 15837
PIXELS 4751 / 15837
PIXELS 5001 / 15837
PIXELS 5251 / 15837
PIXELS 5501 / 15837
PIXELS 5751 / 15837
PIXELS 6001 / 15837
PIXELS 6251 / 15837
PIXELS 6501 / 15837
PIXELS 6751 / 15837
PIXELS 7001 / 15837
PIXELS 7251 / 15837
PIXELS 7501 / 15837
PIXELS 7751 / 15837
PIXELS 8001 / 15837
PIXELS 8251 / 15837
PIXELS 8501 / 15837
PIXELS 8751 / 15837
PIXELS 9001 / 15837
PIXELS 9251 / 15837
PIXELS 9501 / 15837
PIXELS 9751 / 15837
PIXELS 10001 / 15837
PIXELS 10251 / 15837
PIXELS 10501 / 15837
PIXELS 10751 / 15837
PIXELS 11001 / 15837
PIXELS 11251 / 15837
PIXELS 11501 / 15837
PIXELS 11751 / 15837
PIXELS 12001 / 15837
PIXELS 12251 / 15837
PIXELS 12501 / 15837
PIXELS 12751 / 15837
PIXELS 13001 / 15837
PIXELS 13251 / 15837
PIXELS 13501 / 15837
PIXELS 13751 / 15837
PIXELS 14001 / 15837
PIXELS 14251 / 15837
PIXELS 14501 / 15837
PIXELS 14751 / 15837
PIXELS 15001 / 15837
PIXELS 15251 / 15837
PIXELS 15501 / 15837
PIXELS 15751 / 15837
