NNLS_PIXELS 250 15837
NNLS_PIXELS 500 15837
NNLS_PIXELS 750 15837
NNLS_PIXELS 1000 15837
NNLS_PIXELS 1250 15837
NNLS_PIXELS 1500 15837
NNLS_PIXELS 1750 15837
NNLS_PIXELS 2000 15837
NNLS_PIXELS 2250 15837
NNLS_PIXELS 2500 15837
NNLS_PIXELS 2750 15837
NNLS_PIXELS 3000 15837
NNLS_PIXELS 3250 15837
NNLS_PIXELS 3500 15837
NNLS_PIXELS 3750 15837
NNLS_PIXELS 4000 15837
NNLS_PIXELS 4250 15837
NNLS_PIXELS 4500 15837
NNLS_PIXELS 4750 15837
NNLS_PIXELS 5000 15837
NNLS_PIXELS 5250 15837
NNLS_PIXELS 5500 15837
NNLS_PIXELS 5750 15837
NNLS_PIXELS 6000 15837
NNLS_PIXELS 6250 15837
NNLS_PIXELS 6500 15837
NNLS_PIXELS 6750 15837
NNLS_PIXELS 7000 15837
NNLS_PIXELS 7250 15837
NNLS_PIXELS 7500 15837
NNLS_PIXELS 7750 15837
NNLS_PIXELS 8000 15837
NNLS_PIXELS 8250 15837
NNLS_PIXELS 8500 15837
NNLS_PIXELS 8750 15837
NNLS_PIXELS 9000 15837
NNLS_PIXELS 9250 15837
NNLS_PIXELS 9500 15837
NNLS_PIXELS 9750 15837
NNLS_PIXELS 10000 15837
NNLS_PIXELS 10250 15837
NNLS_PIXELS 10500 15837
NNLS_PIXELS 10750 15837
NNLS_PIXELS 11000 15837
NNLS_PIXELS 11250 15837
NNLS_PIXELS 11500 15837
NNLS_PIXELS 11750 15837
NNLS_PIXELS 12000 15837
NNLS_PIXELS 12250 15837
NNLS_PIXELS 12500 15837
NNLS_PIXELS 12750 15837
NNLS_PIXELS 13000 15837
NNLS_PIXELS 13250 15837
NNLS_PIXELS 13500 15837
NNLS_PIXELS 13750 15837
NNLS_PIXELS 14000 15837
NNLS_PIXELS 14250 15837
NNLS_PIXELS 14500 15837
NNLS_PIXELS 14750 15837
NNLS_PIXELS 15000 15837
NNLS_PIXELS 15250 15837
NNLS_PIXELS 15500 15837
NNLS_PIXELS 15750 15837
NNLS_PIXELS 15837 15837
RHO_CANDIDATES 25 174
RHO_CANDIDATES 50 174
RHO_CANDIDATES 75 174
RHO_CANDIDATES 100 174
RHO_CANDIDATES 125 174
RHO_CANDIDATES 150 174
RHO_CANDIDATES 174 174
COMPLETE_AWAITING_REVIEW NNLS_FULL_LIBRARY_5PCT__CAL_R71_K125
